131. Printing statistics.

=== ascon_core_adpt_encdec ===

        +----------Local Count, excluding submodules.
        |        +-Local Area, excluding submodules.
        |        | 
     6008        - wires
     8566        - wire bits
       49        - public wires
     1898        - public wire bits
       30        - ports
      927        - port bits
     7646 6.84E+04 cells
     1419        -   $_ANDNOT_
       96        -   $_AND_
     1852        -   $_MUX_
       11        -   $_NAND_
       25        -   $_NOR_
      527        -   $_NOT_
      154        -   $_ORNOT_
      777        -   $_OR_
      957        -   $_XNOR_
      911        -   $_XOR_
      917 6.84E+04   gf180mcu_fd_sc_mcu7t5v0__dffrnq_1

   Area for cell type $_ANDNOT_ is unknown!
   Area for cell type $_AND_ is unknown!
   Area for cell type $_MUX_ is unknown!
   Area for cell type $_NAND_ is unknown!
   Area for cell type $_NOR_ is unknown!
   Area for cell type $_NOT_ is unknown!
   Area for cell type $_ORNOT_ is unknown!
   Area for cell type $_OR_ is unknown!
   Area for cell type $_XNOR_ is unknown!
   Area for cell type $_XOR_ is unknown!

   Chip area for module '\ascon_core_adpt_encdec': 68441.945600
     of which used for sequential elements: 68441.945600 (100.00%)

