129. Printing statistics.

=== ascon_core_adpt_encdec ===

        +----------Local Count, excluding submodules.
        | 
     5093 wires
     7651 wire bits
       49 public wires
     1898 public wire bits
       30 ports
      927 port bits
     6731 cells
     1419   $_ANDNOT_
       96   $_AND_
      915   $_DFFE_PN0P_
        2   $_DFF_PN0_
      937   $_MUX_
       11   $_NAND_
       25   $_NOR_
      527   $_NOT_
      154   $_ORNOT_
      777   $_OR_
      957   $_XNOR_
      911   $_XOR_

   Area for cell type $_ANDNOT_ is unknown!
   Area for cell type $_AND_ is unknown!
   Area for cell type $_DFFE_PN0P_ is unknown!
   Area for cell type $_DFF_PN0_ is unknown!
   Area for cell type $_MUX_ is unknown!
   Area for cell type $_NAND_ is unknown!
   Area for cell type $_NOR_ is unknown!
   Area for cell type $_NOT_ is unknown!
   Area for cell type $_ORNOT_ is unknown!
   Area for cell type $_OR_ is unknown!
   Area for cell type $_XNOR_ is unknown!
   Area for cell type $_XOR_ is unknown!

